// Jest Snapshot v1, https://goo.gl/fbAQLP

exports[`<Input> renders input field and handle change events 1`] = `
<Input__FakeInput
  style={
    Object {
      "width": "200px",
    }
  }
>
  <FlexGrid>
    <FlexGrid.Item
      flex={1}
    >
      <Input__RawInput
        onChange={[Function]}
        onClick={[Function]}
        placeholder="Hey"
        value="bar"
      />
    </FlexGrid.Item>
    l
  </FlexGrid>
</Input__FakeInput>
`;
