// Jest Snapshot v1, https://goo.gl/fbAQLP

exports[`<Modal/> renders ModalHeader 1`] = `
<BasicModal__StyledModalHeader>
  <FlexGrid>
    <FlexGrid.Item
      flex={1}
    >
      <h3>
        My Modal
      </h3>
    </FlexGrid.Item>
    <BasicModal__StyledCloseButton
      onClick={[Function]}
    >
      <FaClose
        size="16"
      />
    </BasicModal__StyledCloseButton>
  </FlexGrid>
</BasicModal__StyledModalHeader>
`;

exports[`<Modal/> wraps react-modal with custom style 1`] = `
<Modal
  ariaHideApp={true}
  closeTimeoutMS={200}
  contentLabel="test"
  isOpen={true}
  onAfterOpen={[Function]}
  onRequestClose={[Function]}
  openTimeoutMS={200}
  parentSelector={[Function]}
  portalClassName="ReactModalPortal"
  shouldCloseOnOverlayClick={true}
  style={
    Object {
      "content": Object {
        "boxShadow": "0 3px 7px rgba(0, 0, 0, 0.3)",
        "margin": "0 auto",
        "padding": 0,
        "position": "static",
        "width": 500,
      },
      "overlay": Object {
        "alignItems": "center",
        "backgroundColor": "rgba(0, 0, 0, 0.4)",
        "display": "flex",
        "overflowY": "auto",
        "padding": "40px",
      },
    }
  }
>
  Hey
  <SideEffect(Head)>
    <style
      data-source="aa-react-basic-modal-css"
      type="text/css"
    />
  </SideEffect(Head)>
</Modal>
`;
