// Jest Snapshot v1, https://goo.gl/fbAQLP

exports[`<TableSizeGuide /> set weight and min-width to table cells 1`] = `
<TableSizeGuide__TableGuide>
  <tr
    className="table-hide"
  >
    <td
      className="table-hide"
      style={
        Object {
          "minWidth": "auto",
          "width": "auto",
        }
      }
    />
    <td
      className="table-hide"
      style={
        Object {
          "minWidth": "60px",
          "width": "3.260869565217391%",
        }
      }
    />
    <td
      className="table-hide"
      style={
        Object {
          "minWidth": "80px",
          "width": "4.347826086956522%",
        }
      }
    />
    <td
      className="table-hide"
      style={
        Object {
          "minWidth": "120px",
          "width": "6.521739130434782%",
        }
      }
    />
    <td
      className="table-hide"
      style={
        Object {
          "minWidth": "260px",
          "width": "14.130434782608697%",
        }
      }
    />
    <td
      className="table-hide"
      style={
        Object {
          "minWidth": "400px",
          "width": "21.73913043478261%",
        }
      }
    />
    <td
      className="table-hide"
      style={
        Object {
          "minWidth": "auto",
          "width": "auto",
        }
      }
    />
    <td
      className="table-hide"
      style={
        Object {
          "minWidth": "60px",
          "width": "3.260869565217391%",
        }
      }
    />
    <td
      className="table-hide"
      style={
        Object {
          "minWidth": "80px",
          "width": "4.347826086956522%",
        }
      }
    />
    <td
      className="table-hide"
      style={
        Object {
          "minWidth": "120px",
          "width": "6.521739130434782%",
        }
      }
    />
    <td
      className="table-hide"
      style={
        Object {
          "minWidth": "260px",
          "width": "14.130434782608697%",
        }
      }
    />
    <td
      className="table-hide"
      style={
        Object {
          "minWidth": "400px",
          "width": "21.73913043478261%",
        }
      }
    />
  </tr>
</TableSizeGuide__TableGuide>
`;
